// Vitest Snapshot v1, https://vitest.dev/guide/snapshot.html

exports[`tests betterDaysTable 1`] = `
[
  {
    "cellNumber": 0,
    "dayJsDay": "2023-12-31T06:00:00.000Z",
    "dayNumber": 31,
    "isDoomsday": false,
    "month": 12,
    "sameWeekdayAsDoomsday": false,
    "weekday": 0,
    "year": 2023,
  },
  {
    "cellNumber": 1,
    "dayJsDay": "2024-01-01T06:00:00.000Z",
    "dayNumber": 1,
    "isDoomsday": false,
    "month": 1,
    "sameWeekdayAsDoomsday": false,
    "weekday": 1,
    "year": 2024,
  },
  {
    "cellNumber": 2,
    "dayJsDay": "2024-01-02T06:00:00.000Z",
    "dayNumber": 2,
    "isDoomsday": false,
    "month": 1,
    "sameWeekdayAsDoomsday": false,
    "weekday": 2,
    "year": 2024,
  },
  {
    "cellNumber": 3,
    "dayJsDay": "2024-01-03T06:00:00.000Z",
    "dayNumber": 3,
    "isDoomsday": false,
    "month": 1,
    "sameWeekdayAsDoomsday": false,
    "weekday": 3,
    "year": 2024,
  },
  {
    "cellNumber": 4,
    "dayJsDay": "2024-01-04T06:00:00.000Z",
    "dayNumber": 4,
    "isDoomsday": true,
    "month": 1,
    "sameWeekdayAsDoomsday": true,
    "weekday": 4,
    "year": 2024,
  },
  {
    "cellNumber": 5,
    "dayJsDay": "2024-01-05T06:00:00.000Z",
    "dayNumber": 5,
    "isDoomsday": false,
    "month": 1,
    "sameWeekdayAsDoomsday": false,
    "weekday": 5,
    "year": 2024,
  },
  {
    "cellNumber": 6,
    "dayJsDay": "2024-01-06T06:00:00.000Z",
    "dayNumber": 6,
    "isDoomsday": false,
    "month": 1,
    "sameWeekdayAsDoomsday": false,
    "weekday": 6,
    "year": 2024,
  },
  {
    "cellNumber": 7,
    "dayJsDay": "2024-01-07T06:00:00.000Z",
    "dayNumber": 7,
    "isDoomsday": false,
    "month": 1,
    "sameWeekdayAsDoomsday": false,
    "weekday": 0,
    "year": 2024,
  },
  {
    "cellNumber": 8,
    "dayJsDay": "2024-01-08T06:00:00.000Z",
    "dayNumber": 8,
    "isDoomsday": false,
    "month": 1,
    "sameWeekdayAsDoomsday": false,
    "weekday": 1,
    "year": 2024,
  },
  {
    "cellNumber": 9,
    "dayJsDay": "2024-01-09T06:00:00.000Z",
    "dayNumber": 9,
    "isDoomsday": false,
    "month": 1,
    "sameWeekdayAsDoomsday": false,
    "weekday": 2,
    "year": 2024,
  },
  {
    "cellNumber": 10,
    "dayJsDay": "2024-01-10T06:00:00.000Z",
    "dayNumber": 10,
    "isDoomsday": false,
    "month": 1,
    "sameWeekdayAsDoomsday": false,
    "weekday": 3,
    "year": 2024,
  },
  {
    "cellNumber": 11,
    "dayJsDay": "2024-01-11T06:00:00.000Z",
    "dayNumber": 11,
    "isDoomsday": false,
    "month": 1,
    "sameWeekdayAsDoomsday": true,
    "weekday": 4,
    "year": 2024,
  },
  {
    "cellNumber": 12,
    "dayJsDay": "2024-01-12T06:00:00.000Z",
    "dayNumber": 12,
    "isDoomsday": false,
    "month": 1,
    "sameWeekdayAsDoomsday": false,
    "weekday": 5,
    "year": 2024,
  },
  {
    "cellNumber": 13,
    "dayJsDay": "2024-01-13T06:00:00.000Z",
    "dayNumber": 13,
    "isDoomsday": false,
    "month": 1,
    "sameWeekdayAsDoomsday": false,
    "weekday": 6,
    "year": 2024,
  },
  {
    "cellNumber": 14,
    "dayJsDay": "2024-01-14T06:00:00.000Z",
    "dayNumber": 14,
    "isDoomsday": false,
    "month": 1,
    "sameWeekdayAsDoomsday": false,
    "weekday": 0,
    "year": 2024,
  },
  {
    "cellNumber": 15,
    "dayJsDay": "2024-01-15T06:00:00.000Z",
    "dayNumber": 15,
    "isDoomsday": false,
    "month": 1,
    "sameWeekdayAsDoomsday": false,
    "weekday": 1,
    "year": 2024,
  },
  {
    "cellNumber": 16,
    "dayJsDay": "2024-01-16T06:00:00.000Z",
    "dayNumber": 16,
    "isDoomsday": false,
    "month": 1,
    "sameWeekdayAsDoomsday": false,
    "weekday": 2,
    "year": 2024,
  },
  {
    "cellNumber": 17,
    "dayJsDay": "2024-01-17T06:00:00.000Z",
    "dayNumber": 17,
    "isDoomsday": false,
    "month": 1,
    "sameWeekdayAsDoomsday": false,
    "weekday": 3,
    "year": 2024,
  },
  {
    "cellNumber": 18,
    "dayJsDay": "2024-01-18T06:00:00.000Z",
    "dayNumber": 18,
    "isDoomsday": false,
    "month": 1,
    "sameWeekdayAsDoomsday": true,
    "weekday": 4,
    "year": 2024,
  },
  {
    "cellNumber": 19,
    "dayJsDay": "2024-01-19T06:00:00.000Z",
    "dayNumber": 19,
    "isDoomsday": false,
    "month": 1,
    "sameWeekdayAsDoomsday": false,
    "weekday": 5,
    "year": 2024,
  },
  {
    "cellNumber": 20,
    "dayJsDay": "2024-01-20T06:00:00.000Z",
    "dayNumber": 20,
    "isDoomsday": false,
    "month": 1,
    "sameWeekdayAsDoomsday": false,
    "weekday": 6,
    "year": 2024,
  },
  {
    "cellNumber": 21,
    "dayJsDay": "2024-01-21T06:00:00.000Z",
    "dayNumber": 21,
    "isDoomsday": false,
    "month": 1,
    "sameWeekdayAsDoomsday": false,
    "weekday": 0,
    "year": 2024,
  },
  {
    "cellNumber": 22,
    "dayJsDay": "2024-01-22T06:00:00.000Z",
    "dayNumber": 22,
    "isDoomsday": false,
    "month": 1,
    "sameWeekdayAsDoomsday": false,
    "weekday": 1,
    "year": 2024,
  },
  {
    "cellNumber": 23,
    "dayJsDay": "2024-01-23T06:00:00.000Z",
    "dayNumber": 23,
    "isDoomsday": false,
    "month": 1,
    "sameWeekdayAsDoomsday": false,
    "weekday": 2,
    "year": 2024,
  },
  {
    "cellNumber": 24,
    "dayJsDay": "2024-01-24T06:00:00.000Z",
    "dayNumber": 24,
    "isDoomsday": false,
    "month": 1,
    "sameWeekdayAsDoomsday": false,
    "weekday": 3,
    "year": 2024,
  },
  {
    "cellNumber": 25,
    "dayJsDay": "2024-01-25T06:00:00.000Z",
    "dayNumber": 25,
    "isDoomsday": false,
    "month": 1,
    "sameWeekdayAsDoomsday": true,
    "weekday": 4,
    "year": 2024,
  },
  {
    "cellNumber": 26,
    "dayJsDay": "2024-01-26T06:00:00.000Z",
    "dayNumber": 26,
    "isDoomsday": false,
    "month": 1,
    "sameWeekdayAsDoomsday": false,
    "weekday": 5,
    "year": 2024,
  },
  {
    "cellNumber": 27,
    "dayJsDay": "2024-01-27T06:00:00.000Z",
    "dayNumber": 27,
    "isDoomsday": false,
    "month": 1,
    "sameWeekdayAsDoomsday": false,
    "weekday": 6,
    "year": 2024,
  },
  {
    "cellNumber": 28,
    "dayJsDay": "2024-01-28T06:00:00.000Z",
    "dayNumber": 28,
    "isDoomsday": false,
    "month": 1,
    "sameWeekdayAsDoomsday": false,
    "weekday": 0,
    "year": 2024,
  },
  {
    "cellNumber": 29,
    "dayJsDay": "2024-01-29T06:00:00.000Z",
    "dayNumber": 29,
    "isDoomsday": false,
    "month": 1,
    "sameWeekdayAsDoomsday": false,
    "weekday": 1,
    "year": 2024,
  },
  {
    "cellNumber": 30,
    "dayJsDay": "2024-01-30T06:00:00.000Z",
    "dayNumber": 30,
    "isDoomsday": false,
    "month": 1,
    "sameWeekdayAsDoomsday": false,
    "weekday": 2,
    "year": 2024,
  },
  {
    "cellNumber": 31,
    "dayJsDay": "2024-01-31T06:00:00.000Z",
    "dayNumber": 31,
    "isDoomsday": false,
    "month": 1,
    "sameWeekdayAsDoomsday": false,
    "weekday": 3,
    "year": 2024,
  },
  {
    "cellNumber": 32,
    "dayJsDay": "2024-02-01T06:00:00.000Z",
    "dayNumber": 1,
    "isDoomsday": false,
    "month": 2,
    "sameWeekdayAsDoomsday": true,
    "weekday": 4,
    "year": 2024,
  },
  {
    "cellNumber": 33,
    "dayJsDay": "2024-02-02T06:00:00.000Z",
    "dayNumber": 2,
    "isDoomsday": false,
    "month": 2,
    "sameWeekdayAsDoomsday": false,
    "weekday": 5,
    "year": 2024,
  },
  {
    "cellNumber": 34,
    "dayJsDay": "2024-02-03T06:00:00.000Z",
    "dayNumber": 3,
    "isDoomsday": false,
    "month": 2,
    "sameWeekdayAsDoomsday": false,
    "weekday": 6,
    "year": 2024,
  },
  {
    "cellNumber": 35,
    "dayJsDay": "2024-02-04T06:00:00.000Z",
    "dayNumber": 4,
    "isDoomsday": false,
    "month": 2,
    "sameWeekdayAsDoomsday": false,
    "weekday": 0,
    "year": 2024,
  },
  {
    "cellNumber": 36,
    "dayJsDay": "2024-02-05T06:00:00.000Z",
    "dayNumber": 5,
    "isDoomsday": false,
    "month": 2,
    "sameWeekdayAsDoomsday": false,
    "weekday": 1,
    "year": 2024,
  },
  {
    "cellNumber": 37,
    "dayJsDay": "2024-02-06T06:00:00.000Z",
    "dayNumber": 6,
    "isDoomsday": false,
    "month": 2,
    "sameWeekdayAsDoomsday": false,
    "weekday": 2,
    "year": 2024,
  },
  {
    "cellNumber": 38,
    "dayJsDay": "2024-02-07T06:00:00.000Z",
    "dayNumber": 7,
    "isDoomsday": false,
    "month": 2,
    "sameWeekdayAsDoomsday": false,
    "weekday": 3,
    "year": 2024,
  },
  {
    "cellNumber": 39,
    "dayJsDay": "2024-02-08T06:00:00.000Z",
    "dayNumber": 8,
    "isDoomsday": false,
    "month": 2,
    "sameWeekdayAsDoomsday": true,
    "weekday": 4,
    "year": 2024,
  },
  {
    "cellNumber": 40,
    "dayJsDay": "2024-02-09T06:00:00.000Z",
    "dayNumber": 9,
    "isDoomsday": false,
    "month": 2,
    "sameWeekdayAsDoomsday": false,
    "weekday": 5,
    "year": 2024,
  },
  {
    "cellNumber": 41,
    "dayJsDay": "2024-02-10T06:00:00.000Z",
    "dayNumber": 10,
    "isDoomsday": false,
    "month": 2,
    "sameWeekdayAsDoomsday": false,
    "weekday": 6,
    "year": 2024,
  },
  {
    "cellNumber": 42,
    "dayJsDay": "2024-02-11T06:00:00.000Z",
    "dayNumber": 11,
    "isDoomsday": false,
    "month": 2,
    "sameWeekdayAsDoomsday": false,
    "weekday": 0,
    "year": 2024,
  },
  {
    "cellNumber": 43,
    "dayJsDay": "2024-02-12T06:00:00.000Z",
    "dayNumber": 12,
    "isDoomsday": false,
    "month": 2,
    "sameWeekdayAsDoomsday": false,
    "weekday": 1,
    "year": 2024,
  },
  {
    "cellNumber": 44,
    "dayJsDay": "2024-02-13T06:00:00.000Z",
    "dayNumber": 13,
    "isDoomsday": false,
    "month": 2,
    "sameWeekdayAsDoomsday": false,
    "weekday": 2,
    "year": 2024,
  },
  {
    "cellNumber": 45,
    "dayJsDay": "2024-02-14T06:00:00.000Z",
    "dayNumber": 14,
    "isDoomsday": false,
    "month": 2,
    "sameWeekdayAsDoomsday": false,
    "weekday": 3,
    "year": 2024,
  },
  {
    "cellNumber": 46,
    "dayJsDay": "2024-02-15T06:00:00.000Z",
    "dayNumber": 15,
    "isDoomsday": false,
    "month": 2,
    "sameWeekdayAsDoomsday": true,
    "weekday": 4,
    "year": 2024,
  },
  {
    "cellNumber": 47,
    "dayJsDay": "2024-02-16T06:00:00.000Z",
    "dayNumber": 16,
    "isDoomsday": false,
    "month": 2,
    "sameWeekdayAsDoomsday": false,
    "weekday": 5,
    "year": 2024,
  },
  {
    "cellNumber": 48,
    "dayJsDay": "2024-02-17T06:00:00.000Z",
    "dayNumber": 17,
    "isDoomsday": false,
    "month": 2,
    "sameWeekdayAsDoomsday": false,
    "weekday": 6,
    "year": 2024,
  },
  {
    "cellNumber": 49,
    "dayJsDay": "2024-02-18T06:00:00.000Z",
    "dayNumber": 18,
    "isDoomsday": false,
    "month": 2,
    "sameWeekdayAsDoomsday": false,
    "weekday": 0,
    "year": 2024,
  },
  {
    "cellNumber": 50,
    "dayJsDay": "2024-02-19T06:00:00.000Z",
    "dayNumber": 19,
    "isDoomsday": false,
    "month": 2,
    "sameWeekdayAsDoomsday": false,
    "weekday": 1,
    "year": 2024,
  },
  {
    "cellNumber": 51,
    "dayJsDay": "2024-02-20T06:00:00.000Z",
    "dayNumber": 20,
    "isDoomsday": false,
    "month": 2,
    "sameWeekdayAsDoomsday": false,
    "weekday": 2,
    "year": 2024,
  },
  {
    "cellNumber": 52,
    "dayJsDay": "2024-02-21T06:00:00.000Z",
    "dayNumber": 21,
    "isDoomsday": false,
    "month": 2,
    "sameWeekdayAsDoomsday": false,
    "weekday": 3,
    "year": 2024,
  },
  {
    "cellNumber": 53,
    "dayJsDay": "2024-02-22T06:00:00.000Z",
    "dayNumber": 22,
    "isDoomsday": false,
    "month": 2,
    "sameWeekdayAsDoomsday": true,
    "weekday": 4,
    "year": 2024,
  },
  {
    "cellNumber": 54,
    "dayJsDay": "2024-02-23T06:00:00.000Z",
    "dayNumber": 23,
    "isDoomsday": false,
    "month": 2,
    "sameWeekdayAsDoomsday": false,
    "weekday": 5,
    "year": 2024,
  },
  {
    "cellNumber": 55,
    "dayJsDay": "2024-02-24T06:00:00.000Z",
    "dayNumber": 24,
    "isDoomsday": false,
    "month": 2,
    "sameWeekdayAsDoomsday": false,
    "weekday": 6,
    "year": 2024,
  },
  {
    "cellNumber": 56,
    "dayJsDay": "2024-02-25T06:00:00.000Z",
    "dayNumber": 25,
    "isDoomsday": false,
    "month": 2,
    "sameWeekdayAsDoomsday": false,
    "weekday": 0,
    "year": 2024,
  },
  {
    "cellNumber": 57,
    "dayJsDay": "2024-02-26T06:00:00.000Z",
    "dayNumber": 26,
    "isDoomsday": false,
    "month": 2,
    "sameWeekdayAsDoomsday": false,
    "weekday": 1,
    "year": 2024,
  },
  {
    "cellNumber": 58,
    "dayJsDay": "2024-02-27T06:00:00.000Z",
    "dayNumber": 27,
    "isDoomsday": false,
    "month": 2,
    "sameWeekdayAsDoomsday": false,
    "weekday": 2,
    "year": 2024,
  },
  {
    "cellNumber": 59,
    "dayJsDay": "2024-02-28T06:00:00.000Z",
    "dayNumber": 28,
    "isDoomsday": false,
    "month": 2,
    "sameWeekdayAsDoomsday": false,
    "weekday": 3,
    "year": 2024,
  },
  {
    "cellNumber": 60,
    "dayJsDay": "2024-02-29T06:00:00.000Z",
    "dayNumber": 29,
    "isDoomsday": true,
    "month": 2,
    "sameWeekdayAsDoomsday": true,
    "weekday": 4,
    "year": 2024,
  },
  {
    "cellNumber": 61,
    "dayJsDay": "2024-03-01T06:00:00.000Z",
    "dayNumber": 1,
    "isDoomsday": false,
    "month": 3,
    "sameWeekdayAsDoomsday": false,
    "weekday": 5,
    "year": 2024,
  },
  {
    "cellNumber": 62,
    "dayJsDay": "2024-03-02T06:00:00.000Z",
    "dayNumber": 2,
    "isDoomsday": false,
    "month": 3,
    "sameWeekdayAsDoomsday": false,
    "weekday": 6,
    "year": 2024,
  },
  {
    "cellNumber": 63,
    "dayJsDay": "2024-03-03T06:00:00.000Z",
    "dayNumber": 3,
    "isDoomsday": false,
    "month": 3,
    "sameWeekdayAsDoomsday": false,
    "weekday": 0,
    "year": 2024,
  },
  {
    "cellNumber": 64,
    "dayJsDay": "2024-03-04T06:00:00.000Z",
    "dayNumber": 4,
    "isDoomsday": false,
    "month": 3,
    "sameWeekdayAsDoomsday": false,
    "weekday": 1,
    "year": 2024,
  },
  {
    "cellNumber": 65,
    "dayJsDay": "2024-03-05T06:00:00.000Z",
    "dayNumber": 5,
    "isDoomsday": false,
    "month": 3,
    "sameWeekdayAsDoomsday": false,
    "weekday": 2,
    "year": 2024,
  },
  {
    "cellNumber": 66,
    "dayJsDay": "2024-03-06T06:00:00.000Z",
    "dayNumber": 6,
    "isDoomsday": false,
    "month": 3,
    "sameWeekdayAsDoomsday": false,
    "weekday": 3,
    "year": 2024,
  },
  {
    "cellNumber": 67,
    "dayJsDay": "2024-03-07T06:00:00.000Z",
    "dayNumber": 7,
    "isDoomsday": false,
    "month": 3,
    "sameWeekdayAsDoomsday": true,
    "weekday": 4,
    "year": 2024,
  },
  {
    "cellNumber": 68,
    "dayJsDay": "2024-03-08T06:00:00.000Z",
    "dayNumber": 8,
    "isDoomsday": false,
    "month": 3,
    "sameWeekdayAsDoomsday": false,
    "weekday": 5,
    "year": 2024,
  },
  {
    "cellNumber": 69,
    "dayJsDay": "2024-03-09T06:00:00.000Z",
    "dayNumber": 9,
    "isDoomsday": false,
    "month": 3,
    "sameWeekdayAsDoomsday": false,
    "weekday": 6,
    "year": 2024,
  },
  {
    "cellNumber": 70,
    "dayJsDay": "2024-03-10T06:00:00.000Z",
    "dayNumber": 10,
    "isDoomsday": false,
    "month": 3,
    "sameWeekdayAsDoomsday": false,
    "weekday": 0,
    "year": 2024,
  },
  {
    "cellNumber": 71,
    "dayJsDay": "2024-03-11T05:00:00.000Z",
    "dayNumber": 11,
    "isDoomsday": false,
    "month": 3,
    "sameWeekdayAsDoomsday": false,
    "weekday": 1,
    "year": 2024,
  },
  {
    "cellNumber": 72,
    "dayJsDay": "2024-03-12T05:00:00.000Z",
    "dayNumber": 12,
    "isDoomsday": false,
    "month": 3,
    "sameWeekdayAsDoomsday": false,
    "weekday": 2,
    "year": 2024,
  },
  {
    "cellNumber": 73,
    "dayJsDay": "2024-03-13T05:00:00.000Z",
    "dayNumber": 13,
    "isDoomsday": false,
    "month": 3,
    "sameWeekdayAsDoomsday": false,
    "weekday": 3,
    "year": 2024,
  },
  {
    "cellNumber": 74,
    "dayJsDay": "2024-03-14T05:00:00.000Z",
    "dayNumber": 14,
    "isDoomsday": true,
    "month": 3,
    "sameWeekdayAsDoomsday": true,
    "weekday": 4,
    "year": 2024,
  },
  {
    "cellNumber": 75,
    "dayJsDay": "2024-03-15T05:00:00.000Z",
    "dayNumber": 15,
    "isDoomsday": false,
    "month": 3,
    "sameWeekdayAsDoomsday": false,
    "weekday": 5,
    "year": 2024,
  },
  {
    "cellNumber": 76,
    "dayJsDay": "2024-03-16T05:00:00.000Z",
    "dayNumber": 16,
    "isDoomsday": false,
    "month": 3,
    "sameWeekdayAsDoomsday": false,
    "weekday": 6,
    "year": 2024,
  },
  {
    "cellNumber": 77,
    "dayJsDay": "2024-03-17T05:00:00.000Z",
    "dayNumber": 17,
    "isDoomsday": false,
    "month": 3,
    "sameWeekdayAsDoomsday": false,
    "weekday": 0,
    "year": 2024,
  },
  {
    "cellNumber": 78,
    "dayJsDay": "2024-03-18T05:00:00.000Z",
    "dayNumber": 18,
    "isDoomsday": false,
    "month": 3,
    "sameWeekdayAsDoomsday": false,
    "weekday": 1,
    "year": 2024,
  },
  {
    "cellNumber": 79,
    "dayJsDay": "2024-03-19T05:00:00.000Z",
    "dayNumber": 19,
    "isDoomsday": false,
    "month": 3,
    "sameWeekdayAsDoomsday": false,
    "weekday": 2,
    "year": 2024,
  },
  {
    "cellNumber": 80,
    "dayJsDay": "2024-03-20T05:00:00.000Z",
    "dayNumber": 20,
    "isDoomsday": false,
    "month": 3,
    "sameWeekdayAsDoomsday": false,
    "weekday": 3,
    "year": 2024,
  },
  {
    "cellNumber": 81,
    "dayJsDay": "2024-03-21T05:00:00.000Z",
    "dayNumber": 21,
    "isDoomsday": false,
    "month": 3,
    "sameWeekdayAsDoomsday": true,
    "weekday": 4,
    "year": 2024,
  },
  {
    "cellNumber": 82,
    "dayJsDay": "2024-03-22T05:00:00.000Z",
    "dayNumber": 22,
    "isDoomsday": false,
    "month": 3,
    "sameWeekdayAsDoomsday": false,
    "weekday": 5,
    "year": 2024,
  },
  {
    "cellNumber": 83,
    "dayJsDay": "2024-03-23T05:00:00.000Z",
    "dayNumber": 23,
    "isDoomsday": false,
    "month": 3,
    "sameWeekdayAsDoomsday": false,
    "weekday": 6,
    "year": 2024,
  },
  {
    "cellNumber": 84,
    "dayJsDay": "2024-03-24T05:00:00.000Z",
    "dayNumber": 24,
    "isDoomsday": false,
    "month": 3,
    "sameWeekdayAsDoomsday": false,
    "weekday": 0,
    "year": 2024,
  },
  {
    "cellNumber": 85,
    "dayJsDay": "2024-03-25T05:00:00.000Z",
    "dayNumber": 25,
    "isDoomsday": false,
    "month": 3,
    "sameWeekdayAsDoomsday": false,
    "weekday": 1,
    "year": 2024,
  },
  {
    "cellNumber": 86,
    "dayJsDay": "2024-03-26T05:00:00.000Z",
    "dayNumber": 26,
    "isDoomsday": false,
    "month": 3,
    "sameWeekdayAsDoomsday": false,
    "weekday": 2,
    "year": 2024,
  },
  {
    "cellNumber": 87,
    "dayJsDay": "2024-03-27T05:00:00.000Z",
    "dayNumber": 27,
    "isDoomsday": false,
    "month": 3,
    "sameWeekdayAsDoomsday": false,
    "weekday": 3,
    "year": 2024,
  },
  {
    "cellNumber": 88,
    "dayJsDay": "2024-03-28T05:00:00.000Z",
    "dayNumber": 28,
    "isDoomsday": false,
    "month": 3,
    "sameWeekdayAsDoomsday": true,
    "weekday": 4,
    "year": 2024,
  },
  {
    "cellNumber": 89,
    "dayJsDay": "2024-03-29T05:00:00.000Z",
    "dayNumber": 29,
    "isDoomsday": false,
    "month": 3,
    "sameWeekdayAsDoomsday": false,
    "weekday": 5,
    "year": 2024,
  },
  {
    "cellNumber": 90,
    "dayJsDay": "2024-03-30T05:00:00.000Z",
    "dayNumber": 30,
    "isDoomsday": false,
    "month": 3,
    "sameWeekdayAsDoomsday": false,
    "weekday": 6,
    "year": 2024,
  },
  {
    "cellNumber": 91,
    "dayJsDay": "2024-03-31T05:00:00.000Z",
    "dayNumber": 31,
    "isDoomsday": false,
    "month": 3,
    "sameWeekdayAsDoomsday": false,
    "weekday": 0,
    "year": 2024,
  },
  {
    "cellNumber": 92,
    "dayJsDay": "2024-04-01T05:00:00.000Z",
    "dayNumber": 1,
    "isDoomsday": false,
    "month": 4,
    "sameWeekdayAsDoomsday": false,
    "weekday": 1,
    "year": 2024,
  },
  {
    "cellNumber": 93,
    "dayJsDay": "2024-04-02T05:00:00.000Z",
    "dayNumber": 2,
    "isDoomsday": false,
    "month": 4,
    "sameWeekdayAsDoomsday": false,
    "weekday": 2,
    "year": 2024,
  },
  {
    "cellNumber": 94,
    "dayJsDay": "2024-04-03T05:00:00.000Z",
    "dayNumber": 3,
    "isDoomsday": false,
    "month": 4,
    "sameWeekdayAsDoomsday": false,
    "weekday": 3,
    "year": 2024,
  },
  {
    "cellNumber": 95,
    "dayJsDay": "2024-04-04T05:00:00.000Z",
    "dayNumber": 4,
    "isDoomsday": true,
    "month": 4,
    "sameWeekdayAsDoomsday": true,
    "weekday": 4,
    "year": 2024,
  },
  {
    "cellNumber": 96,
    "dayJsDay": "2024-04-05T05:00:00.000Z",
    "dayNumber": 5,
    "isDoomsday": false,
    "month": 4,
    "sameWeekdayAsDoomsday": false,
    "weekday": 5,
    "year": 2024,
  },
  {
    "cellNumber": 97,
    "dayJsDay": "2024-04-06T05:00:00.000Z",
    "dayNumber": 6,
    "isDoomsday": false,
    "month": 4,
    "sameWeekdayAsDoomsday": false,
    "weekday": 6,
    "year": 2024,
  },
  {
    "cellNumber": 98,
    "dayJsDay": "2024-04-07T05:00:00.000Z",
    "dayNumber": 7,
    "isDoomsday": false,
    "month": 4,
    "sameWeekdayAsDoomsday": false,
    "weekday": 0,
    "year": 2024,
  },
  {
    "cellNumber": 99,
    "dayJsDay": "2024-04-08T05:00:00.000Z",
    "dayNumber": 8,
    "isDoomsday": false,
    "month": 4,
    "sameWeekdayAsDoomsday": false,
    "weekday": 1,
    "year": 2024,
  },
  {
    "cellNumber": 100,
    "dayJsDay": "2024-04-09T05:00:00.000Z",
    "dayNumber": 9,
    "isDoomsday": false,
    "month": 4,
    "sameWeekdayAsDoomsday": false,
    "weekday": 2,
    "year": 2024,
  },
  {
    "cellNumber": 101,
    "dayJsDay": "2024-04-10T05:00:00.000Z",
    "dayNumber": 10,
    "isDoomsday": false,
    "month": 4,
    "sameWeekdayAsDoomsday": false,
    "weekday": 3,
    "year": 2024,
  },
  {
    "cellNumber": 102,
    "dayJsDay": "2024-04-11T05:00:00.000Z",
    "dayNumber": 11,
    "isDoomsday": false,
    "month": 4,
    "sameWeekdayAsDoomsday": true,
    "weekday": 4,
    "year": 2024,
  },
  {
    "cellNumber": 103,
    "dayJsDay": "2024-04-12T05:00:00.000Z",
    "dayNumber": 12,
    "isDoomsday": false,
    "month": 4,
    "sameWeekdayAsDoomsday": false,
    "weekday": 5,
    "year": 2024,
  },
  {
    "cellNumber": 104,
    "dayJsDay": "2024-04-13T05:00:00.000Z",
    "dayNumber": 13,
    "isDoomsday": false,
    "month": 4,
    "sameWeekdayAsDoomsday": false,
    "weekday": 6,
    "year": 2024,
  },
  {
    "cellNumber": 105,
    "dayJsDay": "2024-04-14T05:00:00.000Z",
    "dayNumber": 14,
    "isDoomsday": false,
    "month": 4,
    "sameWeekdayAsDoomsday": false,
    "weekday": 0,
    "year": 2024,
  },
  {
    "cellNumber": 106,
    "dayJsDay": "2024-04-15T05:00:00.000Z",
    "dayNumber": 15,
    "isDoomsday": false,
    "month": 4,
    "sameWeekdayAsDoomsday": false,
    "weekday": 1,
    "year": 2024,
  },
  {
    "cellNumber": 107,
    "dayJsDay": "2024-04-16T05:00:00.000Z",
    "dayNumber": 16,
    "isDoomsday": false,
    "month": 4,
    "sameWeekdayAsDoomsday": false,
    "weekday": 2,
    "year": 2024,
  },
  {
    "cellNumber": 108,
    "dayJsDay": "2024-04-17T05:00:00.000Z",
    "dayNumber": 17,
    "isDoomsday": false,
    "month": 4,
    "sameWeekdayAsDoomsday": false,
    "weekday": 3,
    "year": 2024,
  },
  {
    "cellNumber": 109,
    "dayJsDay": "2024-04-18T05:00:00.000Z",
    "dayNumber": 18,
    "isDoomsday": false,
    "month": 4,
    "sameWeekdayAsDoomsday": true,
    "weekday": 4,
    "year": 2024,
  },
  {
    "cellNumber": 110,
    "dayJsDay": "2024-04-19T05:00:00.000Z",
    "dayNumber": 19,
    "isDoomsday": false,
    "month": 4,
    "sameWeekdayAsDoomsday": false,
    "weekday": 5,
    "year": 2024,
  },
  {
    "cellNumber": 111,
    "dayJsDay": "2024-04-20T05:00:00.000Z",
    "dayNumber": 20,
    "isDoomsday": false,
    "month": 4,
    "sameWeekdayAsDoomsday": false,
    "weekday": 6,
    "year": 2024,
  },
  {
    "cellNumber": 112,
    "dayJsDay": "2024-04-21T05:00:00.000Z",
    "dayNumber": 21,
    "isDoomsday": false,
    "month": 4,
    "sameWeekdayAsDoomsday": false,
    "weekday": 0,
    "year": 2024,
  },
  {
    "cellNumber": 113,
    "dayJsDay": "2024-04-22T05:00:00.000Z",
    "dayNumber": 22,
    "isDoomsday": false,
    "month": 4,
    "sameWeekdayAsDoomsday": false,
    "weekday": 1,
    "year": 2024,
  },
  {
    "cellNumber": 114,
    "dayJsDay": "2024-04-23T05:00:00.000Z",
    "dayNumber": 23,
    "isDoomsday": false,
    "month": 4,
    "sameWeekdayAsDoomsday": false,
    "weekday": 2,
    "year": 2024,
  },
  {
    "cellNumber": 115,
    "dayJsDay": "2024-04-24T05:00:00.000Z",
    "dayNumber": 24,
    "isDoomsday": false,
    "month": 4,
    "sameWeekdayAsDoomsday": false,
    "weekday": 3,
    "year": 2024,
  },
  {
    "cellNumber": 116,
    "dayJsDay": "2024-04-25T05:00:00.000Z",
    "dayNumber": 25,
    "isDoomsday": false,
    "month": 4,
    "sameWeekdayAsDoomsday": true,
    "weekday": 4,
    "year": 2024,
  },
  {
    "cellNumber": 117,
    "dayJsDay": "2024-04-26T05:00:00.000Z",
    "dayNumber": 26,
    "isDoomsday": false,
    "month": 4,
    "sameWeekdayAsDoomsday": false,
    "weekday": 5,
    "year": 2024,
  },
  {
    "cellNumber": 118,
    "dayJsDay": "2024-04-27T05:00:00.000Z",
    "dayNumber": 27,
    "isDoomsday": false,
    "month": 4,
    "sameWeekdayAsDoomsday": false,
    "weekday": 6,
    "year": 2024,
  },
  {
    "cellNumber": 119,
    "dayJsDay": "2024-04-28T05:00:00.000Z",
    "dayNumber": 28,
    "isDoomsday": false,
    "month": 4,
    "sameWeekdayAsDoomsday": false,
    "weekday": 0,
    "year": 2024,
  },
  {
    "cellNumber": 120,
    "dayJsDay": "2024-04-29T05:00:00.000Z",
    "dayNumber": 29,
    "isDoomsday": false,
    "month": 4,
    "sameWeekdayAsDoomsday": false,
    "weekday": 1,
    "year": 2024,
  },
  {
    "cellNumber": 121,
    "dayJsDay": "2024-04-30T05:00:00.000Z",
    "dayNumber": 30,
    "isDoomsday": false,
    "month": 4,
    "sameWeekdayAsDoomsday": false,
    "weekday": 2,
    "year": 2024,
  },
  {
    "cellNumber": 122,
    "dayJsDay": "2024-05-01T05:00:00.000Z",
    "dayNumber": 1,
    "isDoomsday": false,
    "month": 5,
    "sameWeekdayAsDoomsday": false,
    "weekday": 3,
    "year": 2024,
  },
  {
    "cellNumber": 123,
    "dayJsDay": "2024-05-02T05:00:00.000Z",
    "dayNumber": 2,
    "isDoomsday": false,
    "month": 5,
    "sameWeekdayAsDoomsday": true,
    "weekday": 4,
    "year": 2024,
  },
  {
    "cellNumber": 124,
    "dayJsDay": "2024-05-03T05:00:00.000Z",
    "dayNumber": 3,
    "isDoomsday": false,
    "month": 5,
    "sameWeekdayAsDoomsday": false,
    "weekday": 5,
    "year": 2024,
  },
  {
    "cellNumber": 125,
    "dayJsDay": "2024-05-04T05:00:00.000Z",
    "dayNumber": 4,
    "isDoomsday": false,
    "month": 5,
    "sameWeekdayAsDoomsday": false,
    "weekday": 6,
    "year": 2024,
  },
  {
    "cellNumber": 126,
    "dayJsDay": "2024-05-05T05:00:00.000Z",
    "dayNumber": 5,
    "isDoomsday": false,
    "month": 5,
    "sameWeekdayAsDoomsday": false,
    "weekday": 0,
    "year": 2024,
  },
  {
    "cellNumber": 127,
    "dayJsDay": "2024-05-06T05:00:00.000Z",
    "dayNumber": 6,
    "isDoomsday": false,
    "month": 5,
    "sameWeekdayAsDoomsday": false,
    "weekday": 1,
    "year": 2024,
  },
  {
    "cellNumber": 128,
    "dayJsDay": "2024-05-07T05:00:00.000Z",
    "dayNumber": 7,
    "isDoomsday": false,
    "month": 5,
    "sameWeekdayAsDoomsday": false,
    "weekday": 2,
    "year": 2024,
  },
  {
    "cellNumber": 129,
    "dayJsDay": "2024-05-08T05:00:00.000Z",
    "dayNumber": 8,
    "isDoomsday": false,
    "month": 5,
    "sameWeekdayAsDoomsday": false,
    "weekday": 3,
    "year": 2024,
  },
  {
    "cellNumber": 130,
    "dayJsDay": "2024-05-09T05:00:00.000Z",
    "dayNumber": 9,
    "isDoomsday": true,
    "month": 5,
    "sameWeekdayAsDoomsday": true,
    "weekday": 4,
    "year": 2024,
  },
  {
    "cellNumber": 131,
    "dayJsDay": "2024-05-10T05:00:00.000Z",
    "dayNumber": 10,
    "isDoomsday": false,
    "month": 5,
    "sameWeekdayAsDoomsday": false,
    "weekday": 5,
    "year": 2024,
  },
  {
    "cellNumber": 132,
    "dayJsDay": "2024-05-11T05:00:00.000Z",
    "dayNumber": 11,
    "isDoomsday": false,
    "month": 5,
    "sameWeekdayAsDoomsday": false,
    "weekday": 6,
    "year": 2024,
  },
  {
    "cellNumber": 133,
    "dayJsDay": "2024-05-12T05:00:00.000Z",
    "dayNumber": 12,
    "isDoomsday": false,
    "month": 5,
    "sameWeekdayAsDoomsday": false,
    "weekday": 0,
    "year": 2024,
  },
  {
    "cellNumber": 134,
    "dayJsDay": "2024-05-13T05:00:00.000Z",
    "dayNumber": 13,
    "isDoomsday": false,
    "month": 5,
    "sameWeekdayAsDoomsday": false,
    "weekday": 1,
    "year": 2024,
  },
  {
    "cellNumber": 135,
    "dayJsDay": "2024-05-14T05:00:00.000Z",
    "dayNumber": 14,
    "isDoomsday": false,
    "month": 5,
    "sameWeekdayAsDoomsday": false,
    "weekday": 2,
    "year": 2024,
  },
  {
    "cellNumber": 136,
    "dayJsDay": "2024-05-15T05:00:00.000Z",
    "dayNumber": 15,
    "isDoomsday": false,
    "month": 5,
    "sameWeekdayAsDoomsday": false,
    "weekday": 3,
    "year": 2024,
  },
  {
    "cellNumber": 137,
    "dayJsDay": "2024-05-16T05:00:00.000Z",
    "dayNumber": 16,
    "isDoomsday": false,
    "month": 5,
    "sameWeekdayAsDoomsday": true,
    "weekday": 4,
    "year": 2024,
  },
  {
    "cellNumber": 138,
    "dayJsDay": "2024-05-17T05:00:00.000Z",
    "dayNumber": 17,
    "isDoomsday": false,
    "month": 5,
    "sameWeekdayAsDoomsday": false,
    "weekday": 5,
    "year": 2024,
  },
  {
    "cellNumber": 139,
    "dayJsDay": "2024-05-18T05:00:00.000Z",
    "dayNumber": 18,
    "isDoomsday": false,
    "month": 5,
    "sameWeekdayAsDoomsday": false,
    "weekday": 6,
    "year": 2024,
  },
  {
    "cellNumber": 140,
    "dayJsDay": "2024-05-19T05:00:00.000Z",
    "dayNumber": 19,
    "isDoomsday": false,
    "month": 5,
    "sameWeekdayAsDoomsday": false,
    "weekday": 0,
    "year": 2024,
  },
  {
    "cellNumber": 141,
    "dayJsDay": "2024-05-20T05:00:00.000Z",
    "dayNumber": 20,
    "isDoomsday": false,
    "month": 5,
    "sameWeekdayAsDoomsday": false,
    "weekday": 1,
    "year": 2024,
  },
  {
    "cellNumber": 142,
    "dayJsDay": "2024-05-21T05:00:00.000Z",
    "dayNumber": 21,
    "isDoomsday": false,
    "month": 5,
    "sameWeekdayAsDoomsday": false,
    "weekday": 2,
    "year": 2024,
  },
  {
    "cellNumber": 143,
    "dayJsDay": "2024-05-22T05:00:00.000Z",
    "dayNumber": 22,
    "isDoomsday": false,
    "month": 5,
    "sameWeekdayAsDoomsday": false,
    "weekday": 3,
    "year": 2024,
  },
  {
    "cellNumber": 144,
    "dayJsDay": "2024-05-23T05:00:00.000Z",
    "dayNumber": 23,
    "isDoomsday": false,
    "month": 5,
    "sameWeekdayAsDoomsday": true,
    "weekday": 4,
    "year": 2024,
  },
  {
    "cellNumber": 145,
    "dayJsDay": "2024-05-24T05:00:00.000Z",
    "dayNumber": 24,
    "isDoomsday": false,
    "month": 5,
    "sameWeekdayAsDoomsday": false,
    "weekday": 5,
    "year": 2024,
  },
  {
    "cellNumber": 146,
    "dayJsDay": "2024-05-25T05:00:00.000Z",
    "dayNumber": 25,
    "isDoomsday": false,
    "month": 5,
    "sameWeekdayAsDoomsday": false,
    "weekday": 6,
    "year": 2024,
  },
  {
    "cellNumber": 147,
    "dayJsDay": "2024-05-26T05:00:00.000Z",
    "dayNumber": 26,
    "isDoomsday": false,
    "month": 5,
    "sameWeekdayAsDoomsday": false,
    "weekday": 0,
    "year": 2024,
  },
  {
    "cellNumber": 148,
    "dayJsDay": "2024-05-27T05:00:00.000Z",
    "dayNumber": 27,
    "isDoomsday": false,
    "month": 5,
    "sameWeekdayAsDoomsday": false,
    "weekday": 1,
    "year": 2024,
  },
  {
    "cellNumber": 149,
    "dayJsDay": "2024-05-28T05:00:00.000Z",
    "dayNumber": 28,
    "isDoomsday": false,
    "month": 5,
    "sameWeekdayAsDoomsday": false,
    "weekday": 2,
    "year": 2024,
  },
  {
    "cellNumber": 150,
    "dayJsDay": "2024-05-29T05:00:00.000Z",
    "dayNumber": 29,
    "isDoomsday": false,
    "month": 5,
    "sameWeekdayAsDoomsday": false,
    "weekday": 3,
    "year": 2024,
  },
  {
    "cellNumber": 151,
    "dayJsDay": "2024-05-30T05:00:00.000Z",
    "dayNumber": 30,
    "isDoomsday": false,
    "month": 5,
    "sameWeekdayAsDoomsday": true,
    "weekday": 4,
    "year": 2024,
  },
  {
    "cellNumber": 152,
    "dayJsDay": "2024-05-31T05:00:00.000Z",
    "dayNumber": 31,
    "isDoomsday": false,
    "month": 5,
    "sameWeekdayAsDoomsday": false,
    "weekday": 5,
    "year": 2024,
  },
  {
    "cellNumber": 153,
    "dayJsDay": "2024-06-01T05:00:00.000Z",
    "dayNumber": 1,
    "isDoomsday": false,
    "month": 6,
    "sameWeekdayAsDoomsday": false,
    "weekday": 6,
    "year": 2024,
  },
  {
    "cellNumber": 154,
    "dayJsDay": "2024-06-02T05:00:00.000Z",
    "dayNumber": 2,
    "isDoomsday": false,
    "month": 6,
    "sameWeekdayAsDoomsday": false,
    "weekday": 0,
    "year": 2024,
  },
  {
    "cellNumber": 155,
    "dayJsDay": "2024-06-03T05:00:00.000Z",
    "dayNumber": 3,
    "isDoomsday": false,
    "month": 6,
    "sameWeekdayAsDoomsday": false,
    "weekday": 1,
    "year": 2024,
  },
  {
    "cellNumber": 156,
    "dayJsDay": "2024-06-04T05:00:00.000Z",
    "dayNumber": 4,
    "isDoomsday": false,
    "month": 6,
    "sameWeekdayAsDoomsday": false,
    "weekday": 2,
    "year": 2024,
  },
  {
    "cellNumber": 157,
    "dayJsDay": "2024-06-05T05:00:00.000Z",
    "dayNumber": 5,
    "isDoomsday": false,
    "month": 6,
    "sameWeekdayAsDoomsday": false,
    "weekday": 3,
    "year": 2024,
  },
  {
    "cellNumber": 158,
    "dayJsDay": "2024-06-06T05:00:00.000Z",
    "dayNumber": 6,
    "isDoomsday": true,
    "month": 6,
    "sameWeekdayAsDoomsday": true,
    "weekday": 4,
    "year": 2024,
  },
  {
    "cellNumber": 159,
    "dayJsDay": "2024-06-07T05:00:00.000Z",
    "dayNumber": 7,
    "isDoomsday": false,
    "month": 6,
    "sameWeekdayAsDoomsday": false,
    "weekday": 5,
    "year": 2024,
  },
  {
    "cellNumber": 160,
    "dayJsDay": "2024-06-08T05:00:00.000Z",
    "dayNumber": 8,
    "isDoomsday": false,
    "month": 6,
    "sameWeekdayAsDoomsday": false,
    "weekday": 6,
    "year": 2024,
  },
  {
    "cellNumber": 161,
    "dayJsDay": "2024-06-09T05:00:00.000Z",
    "dayNumber": 9,
    "isDoomsday": false,
    "month": 6,
    "sameWeekdayAsDoomsday": false,
    "weekday": 0,
    "year": 2024,
  },
  {
    "cellNumber": 162,
    "dayJsDay": "2024-06-10T05:00:00.000Z",
    "dayNumber": 10,
    "isDoomsday": false,
    "month": 6,
    "sameWeekdayAsDoomsday": false,
    "weekday": 1,
    "year": 2024,
  },
  {
    "cellNumber": 163,
    "dayJsDay": "2024-06-11T05:00:00.000Z",
    "dayNumber": 11,
    "isDoomsday": false,
    "month": 6,
    "sameWeekdayAsDoomsday": false,
    "weekday": 2,
    "year": 2024,
  },
  {
    "cellNumber": 164,
    "dayJsDay": "2024-06-12T05:00:00.000Z",
    "dayNumber": 12,
    "isDoomsday": false,
    "month": 6,
    "sameWeekdayAsDoomsday": false,
    "weekday": 3,
    "year": 2024,
  },
  {
    "cellNumber": 165,
    "dayJsDay": "2024-06-13T05:00:00.000Z",
    "dayNumber": 13,
    "isDoomsday": false,
    "month": 6,
    "sameWeekdayAsDoomsday": true,
    "weekday": 4,
    "year": 2024,
  },
  {
    "cellNumber": 166,
    "dayJsDay": "2024-06-14T05:00:00.000Z",
    "dayNumber": 14,
    "isDoomsday": false,
    "month": 6,
    "sameWeekdayAsDoomsday": false,
    "weekday": 5,
    "year": 2024,
  },
  {
    "cellNumber": 167,
    "dayJsDay": "2024-06-15T05:00:00.000Z",
    "dayNumber": 15,
    "isDoomsday": false,
    "month": 6,
    "sameWeekdayAsDoomsday": false,
    "weekday": 6,
    "year": 2024,
  },
  {
    "cellNumber": 168,
    "dayJsDay": "2024-06-16T05:00:00.000Z",
    "dayNumber": 16,
    "isDoomsday": false,
    "month": 6,
    "sameWeekdayAsDoomsday": false,
    "weekday": 0,
    "year": 2024,
  },
  {
    "cellNumber": 169,
    "dayJsDay": "2024-06-17T05:00:00.000Z",
    "dayNumber": 17,
    "isDoomsday": false,
    "month": 6,
    "sameWeekdayAsDoomsday": false,
    "weekday": 1,
    "year": 2024,
  },
  {
    "cellNumber": 170,
    "dayJsDay": "2024-06-18T05:00:00.000Z",
    "dayNumber": 18,
    "isDoomsday": false,
    "month": 6,
    "sameWeekdayAsDoomsday": false,
    "weekday": 2,
    "year": 2024,
  },
  {
    "cellNumber": 171,
    "dayJsDay": "2024-06-19T05:00:00.000Z",
    "dayNumber": 19,
    "isDoomsday": false,
    "month": 6,
    "sameWeekdayAsDoomsday": false,
    "weekday": 3,
    "year": 2024,
  },
  {
    "cellNumber": 172,
    "dayJsDay": "2024-06-20T05:00:00.000Z",
    "dayNumber": 20,
    "isDoomsday": false,
    "month": 6,
    "sameWeekdayAsDoomsday": true,
    "weekday": 4,
    "year": 2024,
  },
  {
    "cellNumber": 173,
    "dayJsDay": "2024-06-21T05:00:00.000Z",
    "dayNumber": 21,
    "isDoomsday": false,
    "month": 6,
    "sameWeekdayAsDoomsday": false,
    "weekday": 5,
    "year": 2024,
  },
  {
    "cellNumber": 174,
    "dayJsDay": "2024-06-22T05:00:00.000Z",
    "dayNumber": 22,
    "isDoomsday": false,
    "month": 6,
    "sameWeekdayAsDoomsday": false,
    "weekday": 6,
    "year": 2024,
  },
  {
    "cellNumber": 175,
    "dayJsDay": "2024-06-23T05:00:00.000Z",
    "dayNumber": 23,
    "isDoomsday": false,
    "month": 6,
    "sameWeekdayAsDoomsday": false,
    "weekday": 0,
    "year": 2024,
  },
  {
    "cellNumber": 176,
    "dayJsDay": "2024-06-24T05:00:00.000Z",
    "dayNumber": 24,
    "isDoomsday": false,
    "month": 6,
    "sameWeekdayAsDoomsday": false,
    "weekday": 1,
    "year": 2024,
  },
  {
    "cellNumber": 177,
    "dayJsDay": "2024-06-25T05:00:00.000Z",
    "dayNumber": 25,
    "isDoomsday": false,
    "month": 6,
    "sameWeekdayAsDoomsday": false,
    "weekday": 2,
    "year": 2024,
  },
  {
    "cellNumber": 178,
    "dayJsDay": "2024-06-26T05:00:00.000Z",
    "dayNumber": 26,
    "isDoomsday": false,
    "month": 6,
    "sameWeekdayAsDoomsday": false,
    "weekday": 3,
    "year": 2024,
  },
  {
    "cellNumber": 179,
    "dayJsDay": "2024-06-27T05:00:00.000Z",
    "dayNumber": 27,
    "isDoomsday": false,
    "month": 6,
    "sameWeekdayAsDoomsday": true,
    "weekday": 4,
    "year": 2024,
  },
  {
    "cellNumber": 180,
    "dayJsDay": "2024-06-28T05:00:00.000Z",
    "dayNumber": 28,
    "isDoomsday": false,
    "month": 6,
    "sameWeekdayAsDoomsday": false,
    "weekday": 5,
    "year": 2024,
  },
  {
    "cellNumber": 181,
    "dayJsDay": "2024-06-29T05:00:00.000Z",
    "dayNumber": 29,
    "isDoomsday": false,
    "month": 6,
    "sameWeekdayAsDoomsday": false,
    "weekday": 6,
    "year": 2024,
  },
  {
    "cellNumber": 182,
    "dayJsDay": "2024-06-30T05:00:00.000Z",
    "dayNumber": 30,
    "isDoomsday": false,
    "month": 6,
    "sameWeekdayAsDoomsday": false,
    "weekday": 0,
    "year": 2024,
  },
  {
    "cellNumber": 183,
    "dayJsDay": "2024-07-01T05:00:00.000Z",
    "dayNumber": 1,
    "isDoomsday": false,
    "month": 7,
    "sameWeekdayAsDoomsday": false,
    "weekday": 1,
    "year": 2024,
  },
  {
    "cellNumber": 184,
    "dayJsDay": "2024-07-02T05:00:00.000Z",
    "dayNumber": 2,
    "isDoomsday": false,
    "month": 7,
    "sameWeekdayAsDoomsday": false,
    "weekday": 2,
    "year": 2024,
  },
  {
    "cellNumber": 185,
    "dayJsDay": "2024-07-03T05:00:00.000Z",
    "dayNumber": 3,
    "isDoomsday": false,
    "month": 7,
    "sameWeekdayAsDoomsday": false,
    "weekday": 3,
    "year": 2024,
  },
  {
    "cellNumber": 186,
    "dayJsDay": "2024-07-04T05:00:00.000Z",
    "dayNumber": 4,
    "isDoomsday": false,
    "month": 7,
    "sameWeekdayAsDoomsday": true,
    "weekday": 4,
    "year": 2024,
  },
  {
    "cellNumber": 187,
    "dayJsDay": "2024-07-05T05:00:00.000Z",
    "dayNumber": 5,
    "isDoomsday": false,
    "month": 7,
    "sameWeekdayAsDoomsday": false,
    "weekday": 5,
    "year": 2024,
  },
  {
    "cellNumber": 188,
    "dayJsDay": "2024-07-06T05:00:00.000Z",
    "dayNumber": 6,
    "isDoomsday": false,
    "month": 7,
    "sameWeekdayAsDoomsday": false,
    "weekday": 6,
    "year": 2024,
  },
  {
    "cellNumber": 189,
    "dayJsDay": "2024-07-07T05:00:00.000Z",
    "dayNumber": 7,
    "isDoomsday": false,
    "month": 7,
    "sameWeekdayAsDoomsday": false,
    "weekday": 0,
    "year": 2024,
  },
  {
    "cellNumber": 190,
    "dayJsDay": "2024-07-08T05:00:00.000Z",
    "dayNumber": 8,
    "isDoomsday": false,
    "month": 7,
    "sameWeekdayAsDoomsday": false,
    "weekday": 1,
    "year": 2024,
  },
  {
    "cellNumber": 191,
    "dayJsDay": "2024-07-09T05:00:00.000Z",
    "dayNumber": 9,
    "isDoomsday": false,
    "month": 7,
    "sameWeekdayAsDoomsday": false,
    "weekday": 2,
    "year": 2024,
  },
  {
    "cellNumber": 192,
    "dayJsDay": "2024-07-10T05:00:00.000Z",
    "dayNumber": 10,
    "isDoomsday": false,
    "month": 7,
    "sameWeekdayAsDoomsday": false,
    "weekday": 3,
    "year": 2024,
  },
  {
    "cellNumber": 193,
    "dayJsDay": "2024-07-11T05:00:00.000Z",
    "dayNumber": 11,
    "isDoomsday": true,
    "month": 7,
    "sameWeekdayAsDoomsday": true,
    "weekday": 4,
    "year": 2024,
  },
  {
    "cellNumber": 194,
    "dayJsDay": "2024-07-12T05:00:00.000Z",
    "dayNumber": 12,
    "isDoomsday": false,
    "month": 7,
    "sameWeekdayAsDoomsday": false,
    "weekday": 5,
    "year": 2024,
  },
  {
    "cellNumber": 195,
    "dayJsDay": "2024-07-13T05:00:00.000Z",
    "dayNumber": 13,
    "isDoomsday": false,
    "month": 7,
    "sameWeekdayAsDoomsday": false,
    "weekday": 6,
    "year": 2024,
  },
  {
    "cellNumber": 196,
    "dayJsDay": "2024-07-14T05:00:00.000Z",
    "dayNumber": 14,
    "isDoomsday": false,
    "month": 7,
    "sameWeekdayAsDoomsday": false,
    "weekday": 0,
    "year": 2024,
  },
  {
    "cellNumber": 197,
    "dayJsDay": "2024-07-15T05:00:00.000Z",
    "dayNumber": 15,
    "isDoomsday": false,
    "month": 7,
    "sameWeekdayAsDoomsday": false,
    "weekday": 1,
    "year": 2024,
  },
  {
    "cellNumber": 198,
    "dayJsDay": "2024-07-16T05:00:00.000Z",
    "dayNumber": 16,
    "isDoomsday": false,
    "month": 7,
    "sameWeekdayAsDoomsday": false,
    "weekday": 2,
    "year": 2024,
  },
  {
    "cellNumber": 199,
    "dayJsDay": "2024-07-17T05:00:00.000Z",
    "dayNumber": 17,
    "isDoomsday": false,
    "month": 7,
    "sameWeekdayAsDoomsday": false,
    "weekday": 3,
    "year": 2024,
  },
  {
    "cellNumber": 200,
    "dayJsDay": "2024-07-18T05:00:00.000Z",
    "dayNumber": 18,
    "isDoomsday": false,
    "month": 7,
    "sameWeekdayAsDoomsday": true,
    "weekday": 4,
    "year": 2024,
  },
  {
    "cellNumber": 201,
    "dayJsDay": "2024-07-19T05:00:00.000Z",
    "dayNumber": 19,
    "isDoomsday": false,
    "month": 7,
    "sameWeekdayAsDoomsday": false,
    "weekday": 5,
    "year": 2024,
  },
  {
    "cellNumber": 202,
    "dayJsDay": "2024-07-20T05:00:00.000Z",
    "dayNumber": 20,
    "isDoomsday": false,
    "month": 7,
    "sameWeekdayAsDoomsday": false,
    "weekday": 6,
    "year": 2024,
  },
  {
    "cellNumber": 203,
    "dayJsDay": "2024-07-21T05:00:00.000Z",
    "dayNumber": 21,
    "isDoomsday": false,
    "month": 7,
    "sameWeekdayAsDoomsday": false,
    "weekday": 0,
    "year": 2024,
  },
  {
    "cellNumber": 204,
    "dayJsDay": "2024-07-22T05:00:00.000Z",
    "dayNumber": 22,
    "isDoomsday": false,
    "month": 7,
    "sameWeekdayAsDoomsday": false,
    "weekday": 1,
    "year": 2024,
  },
  {
    "cellNumber": 205,
    "dayJsDay": "2024-07-23T05:00:00.000Z",
    "dayNumber": 23,
    "isDoomsday": false,
    "month": 7,
    "sameWeekdayAsDoomsday": false,
    "weekday": 2,
    "year": 2024,
  },
  {
    "cellNumber": 206,
    "dayJsDay": "2024-07-24T05:00:00.000Z",
    "dayNumber": 24,
    "isDoomsday": false,
    "month": 7,
    "sameWeekdayAsDoomsday": false,
    "weekday": 3,
    "year": 2024,
  },
  {
    "cellNumber": 207,
    "dayJsDay": "2024-07-25T05:00:00.000Z",
    "dayNumber": 25,
    "isDoomsday": false,
    "month": 7,
    "sameWeekdayAsDoomsday": true,
    "weekday": 4,
    "year": 2024,
  },
  {
    "cellNumber": 208,
    "dayJsDay": "2024-07-26T05:00:00.000Z",
    "dayNumber": 26,
    "isDoomsday": false,
    "month": 7,
    "sameWeekdayAsDoomsday": false,
    "weekday": 5,
    "year": 2024,
  },
  {
    "cellNumber": 209,
    "dayJsDay": "2024-07-27T05:00:00.000Z",
    "dayNumber": 27,
    "isDoomsday": false,
    "month": 7,
    "sameWeekdayAsDoomsday": false,
    "weekday": 6,
    "year": 2024,
  },
  {
    "cellNumber": 210,
    "dayJsDay": "2024-07-28T05:00:00.000Z",
    "dayNumber": 28,
    "isDoomsday": false,
    "month": 7,
    "sameWeekdayAsDoomsday": false,
    "weekday": 0,
    "year": 2024,
  },
  {
    "cellNumber": 211,
    "dayJsDay": "2024-07-29T05:00:00.000Z",
    "dayNumber": 29,
    "isDoomsday": false,
    "month": 7,
    "sameWeekdayAsDoomsday": false,
    "weekday": 1,
    "year": 2024,
  },
  {
    "cellNumber": 212,
    "dayJsDay": "2024-07-30T05:00:00.000Z",
    "dayNumber": 30,
    "isDoomsday": false,
    "month": 7,
    "sameWeekdayAsDoomsday": false,
    "weekday": 2,
    "year": 2024,
  },
  {
    "cellNumber": 213,
    "dayJsDay": "2024-07-31T05:00:00.000Z",
    "dayNumber": 31,
    "isDoomsday": false,
    "month": 7,
    "sameWeekdayAsDoomsday": false,
    "weekday": 3,
    "year": 2024,
  },
  {
    "cellNumber": 214,
    "dayJsDay": "2024-08-01T05:00:00.000Z",
    "dayNumber": 1,
    "isDoomsday": false,
    "month": 8,
    "sameWeekdayAsDoomsday": true,
    "weekday": 4,
    "year": 2024,
  },
  {
    "cellNumber": 215,
    "dayJsDay": "2024-08-02T05:00:00.000Z",
    "dayNumber": 2,
    "isDoomsday": false,
    "month": 8,
    "sameWeekdayAsDoomsday": false,
    "weekday": 5,
    "year": 2024,
  },
  {
    "cellNumber": 216,
    "dayJsDay": "2024-08-03T05:00:00.000Z",
    "dayNumber": 3,
    "isDoomsday": false,
    "month": 8,
    "sameWeekdayAsDoomsday": false,
    "weekday": 6,
    "year": 2024,
  },
  {
    "cellNumber": 217,
    "dayJsDay": "2024-08-04T05:00:00.000Z",
    "dayNumber": 4,
    "isDoomsday": false,
    "month": 8,
    "sameWeekdayAsDoomsday": false,
    "weekday": 0,
    "year": 2024,
  },
  {
    "cellNumber": 218,
    "dayJsDay": "2024-08-05T05:00:00.000Z",
    "dayNumber": 5,
    "isDoomsday": false,
    "month": 8,
    "sameWeekdayAsDoomsday": false,
    "weekday": 1,
    "year": 2024,
  },
  {
    "cellNumber": 219,
    "dayJsDay": "2024-08-06T05:00:00.000Z",
    "dayNumber": 6,
    "isDoomsday": false,
    "month": 8,
    "sameWeekdayAsDoomsday": false,
    "weekday": 2,
    "year": 2024,
  },
  {
    "cellNumber": 220,
    "dayJsDay": "2024-08-07T05:00:00.000Z",
    "dayNumber": 7,
    "isDoomsday": false,
    "month": 8,
    "sameWeekdayAsDoomsday": false,
    "weekday": 3,
    "year": 2024,
  },
  {
    "cellNumber": 221,
    "dayJsDay": "2024-08-08T05:00:00.000Z",
    "dayNumber": 8,
    "isDoomsday": true,
    "month": 8,
    "sameWeekdayAsDoomsday": true,
    "weekday": 4,
    "year": 2024,
  },
  {
    "cellNumber": 222,
    "dayJsDay": "2024-08-09T05:00:00.000Z",
    "dayNumber": 9,
    "isDoomsday": false,
    "month": 8,
    "sameWeekdayAsDoomsday": false,
    "weekday": 5,
    "year": 2024,
  },
  {
    "cellNumber": 223,
    "dayJsDay": "2024-08-10T05:00:00.000Z",
    "dayNumber": 10,
    "isDoomsday": false,
    "month": 8,
    "sameWeekdayAsDoomsday": false,
    "weekday": 6,
    "year": 2024,
  },
  {
    "cellNumber": 224,
    "dayJsDay": "2024-08-11T05:00:00.000Z",
    "dayNumber": 11,
    "isDoomsday": false,
    "month": 8,
    "sameWeekdayAsDoomsday": false,
    "weekday": 0,
    "year": 2024,
  },
  {
    "cellNumber": 225,
    "dayJsDay": "2024-08-12T05:00:00.000Z",
    "dayNumber": 12,
    "isDoomsday": false,
    "month": 8,
    "sameWeekdayAsDoomsday": false,
    "weekday": 1,
    "year": 2024,
  },
  {
    "cellNumber": 226,
    "dayJsDay": "2024-08-13T05:00:00.000Z",
    "dayNumber": 13,
    "isDoomsday": false,
    "month": 8,
    "sameWeekdayAsDoomsday": false,
    "weekday": 2,
    "year": 2024,
  },
  {
    "cellNumber": 227,
    "dayJsDay": "2024-08-14T05:00:00.000Z",
    "dayNumber": 14,
    "isDoomsday": false,
    "month": 8,
    "sameWeekdayAsDoomsday": false,
    "weekday": 3,
    "year": 2024,
  },
  {
    "cellNumber": 228,
    "dayJsDay": "2024-08-15T05:00:00.000Z",
    "dayNumber": 15,
    "isDoomsday": false,
    "month": 8,
    "sameWeekdayAsDoomsday": true,
    "weekday": 4,
    "year": 2024,
  },
  {
    "cellNumber": 229,
    "dayJsDay": "2024-08-16T05:00:00.000Z",
    "dayNumber": 16,
    "isDoomsday": false,
    "month": 8,
    "sameWeekdayAsDoomsday": false,
    "weekday": 5,
    "year": 2024,
  },
  {
    "cellNumber": 230,
    "dayJsDay": "2024-08-17T05:00:00.000Z",
    "dayNumber": 17,
    "isDoomsday": false,
    "month": 8,
    "sameWeekdayAsDoomsday": false,
    "weekday": 6,
    "year": 2024,
  },
  {
    "cellNumber": 231,
    "dayJsDay": "2024-08-18T05:00:00.000Z",
    "dayNumber": 18,
    "isDoomsday": false,
    "month": 8,
    "sameWeekdayAsDoomsday": false,
    "weekday": 0,
    "year": 2024,
  },
  {
    "cellNumber": 232,
    "dayJsDay": "2024-08-19T05:00:00.000Z",
    "dayNumber": 19,
    "isDoomsday": false,
    "month": 8,
    "sameWeekdayAsDoomsday": false,
    "weekday": 1,
    "year": 2024,
  },
  {
    "cellNumber": 233,
    "dayJsDay": "2024-08-20T05:00:00.000Z",
    "dayNumber": 20,
    "isDoomsday": false,
    "month": 8,
    "sameWeekdayAsDoomsday": false,
    "weekday": 2,
    "year": 2024,
  },
  {
    "cellNumber": 234,
    "dayJsDay": "2024-08-21T05:00:00.000Z",
    "dayNumber": 21,
    "isDoomsday": false,
    "month": 8,
    "sameWeekdayAsDoomsday": false,
    "weekday": 3,
    "year": 2024,
  },
  {
    "cellNumber": 235,
    "dayJsDay": "2024-08-22T05:00:00.000Z",
    "dayNumber": 22,
    "isDoomsday": false,
    "month": 8,
    "sameWeekdayAsDoomsday": true,
    "weekday": 4,
    "year": 2024,
  },
  {
    "cellNumber": 236,
    "dayJsDay": "2024-08-23T05:00:00.000Z",
    "dayNumber": 23,
    "isDoomsday": false,
    "month": 8,
    "sameWeekdayAsDoomsday": false,
    "weekday": 5,
    "year": 2024,
  },
  {
    "cellNumber": 237,
    "dayJsDay": "2024-08-24T05:00:00.000Z",
    "dayNumber": 24,
    "isDoomsday": false,
    "month": 8,
    "sameWeekdayAsDoomsday": false,
    "weekday": 6,
    "year": 2024,
  },
  {
    "cellNumber": 238,
    "dayJsDay": "2024-08-25T05:00:00.000Z",
    "dayNumber": 25,
    "isDoomsday": false,
    "month": 8,
    "sameWeekdayAsDoomsday": false,
    "weekday": 0,
    "year": 2024,
  },
  {
    "cellNumber": 239,
    "dayJsDay": "2024-08-26T05:00:00.000Z",
    "dayNumber": 26,
    "isDoomsday": false,
    "month": 8,
    "sameWeekdayAsDoomsday": false,
    "weekday": 1,
    "year": 2024,
  },
  {
    "cellNumber": 240,
    "dayJsDay": "2024-08-27T05:00:00.000Z",
    "dayNumber": 27,
    "isDoomsday": false,
    "month": 8,
    "sameWeekdayAsDoomsday": false,
    "weekday": 2,
    "year": 2024,
  },
  {
    "cellNumber": 241,
    "dayJsDay": "2024-08-28T05:00:00.000Z",
    "dayNumber": 28,
    "isDoomsday": false,
    "month": 8,
    "sameWeekdayAsDoomsday": false,
    "weekday": 3,
    "year": 2024,
  },
  {
    "cellNumber": 242,
    "dayJsDay": "2024-08-29T05:00:00.000Z",
    "dayNumber": 29,
    "isDoomsday": false,
    "month": 8,
    "sameWeekdayAsDoomsday": true,
    "weekday": 4,
    "year": 2024,
  },
  {
    "cellNumber": 243,
    "dayJsDay": "2024-08-30T05:00:00.000Z",
    "dayNumber": 30,
    "isDoomsday": false,
    "month": 8,
    "sameWeekdayAsDoomsday": false,
    "weekday": 5,
    "year": 2024,
  },
  {
    "cellNumber": 244,
    "dayJsDay": "2024-08-31T05:00:00.000Z",
    "dayNumber": 31,
    "isDoomsday": false,
    "month": 8,
    "sameWeekdayAsDoomsday": false,
    "weekday": 6,
    "year": 2024,
  },
  {
    "cellNumber": 245,
    "dayJsDay": "2024-09-01T05:00:00.000Z",
    "dayNumber": 1,
    "isDoomsday": false,
    "month": 9,
    "sameWeekdayAsDoomsday": false,
    "weekday": 0,
    "year": 2024,
  },
  {
    "cellNumber": 246,
    "dayJsDay": "2024-09-02T05:00:00.000Z",
    "dayNumber": 2,
    "isDoomsday": false,
    "month": 9,
    "sameWeekdayAsDoomsday": false,
    "weekday": 1,
    "year": 2024,
  },
  {
    "cellNumber": 247,
    "dayJsDay": "2024-09-03T05:00:00.000Z",
    "dayNumber": 3,
    "isDoomsday": false,
    "month": 9,
    "sameWeekdayAsDoomsday": false,
    "weekday": 2,
    "year": 2024,
  },
  {
    "cellNumber": 248,
    "dayJsDay": "2024-09-04T05:00:00.000Z",
    "dayNumber": 4,
    "isDoomsday": false,
    "month": 9,
    "sameWeekdayAsDoomsday": false,
    "weekday": 3,
    "year": 2024,
  },
  {
    "cellNumber": 249,
    "dayJsDay": "2024-09-05T05:00:00.000Z",
    "dayNumber": 5,
    "isDoomsday": true,
    "month": 9,
    "sameWeekdayAsDoomsday": true,
    "weekday": 4,
    "year": 2024,
  },
  {
    "cellNumber": 250,
    "dayJsDay": "2024-09-06T05:00:00.000Z",
    "dayNumber": 6,
    "isDoomsday": false,
    "month": 9,
    "sameWeekdayAsDoomsday": false,
    "weekday": 5,
    "year": 2024,
  },
  {
    "cellNumber": 251,
    "dayJsDay": "2024-09-07T05:00:00.000Z",
    "dayNumber": 7,
    "isDoomsday": false,
    "month": 9,
    "sameWeekdayAsDoomsday": false,
    "weekday": 6,
    "year": 2024,
  },
  {
    "cellNumber": 252,
    "dayJsDay": "2024-09-08T05:00:00.000Z",
    "dayNumber": 8,
    "isDoomsday": false,
    "month": 9,
    "sameWeekdayAsDoomsday": false,
    "weekday": 0,
    "year": 2024,
  },
  {
    "cellNumber": 253,
    "dayJsDay": "2024-09-09T05:00:00.000Z",
    "dayNumber": 9,
    "isDoomsday": false,
    "month": 9,
    "sameWeekdayAsDoomsday": false,
    "weekday": 1,
    "year": 2024,
  },
  {
    "cellNumber": 254,
    "dayJsDay": "2024-09-10T05:00:00.000Z",
    "dayNumber": 10,
    "isDoomsday": false,
    "month": 9,
    "sameWeekdayAsDoomsday": false,
    "weekday": 2,
    "year": 2024,
  },
  {
    "cellNumber": 255,
    "dayJsDay": "2024-09-11T05:00:00.000Z",
    "dayNumber": 11,
    "isDoomsday": false,
    "month": 9,
    "sameWeekdayAsDoomsday": false,
    "weekday": 3,
    "year": 2024,
  },
  {
    "cellNumber": 256,
    "dayJsDay": "2024-09-12T05:00:00.000Z",
    "dayNumber": 12,
    "isDoomsday": false,
    "month": 9,
    "sameWeekdayAsDoomsday": true,
    "weekday": 4,
    "year": 2024,
  },
  {
    "cellNumber": 257,
    "dayJsDay": "2024-09-13T05:00:00.000Z",
    "dayNumber": 13,
    "isDoomsday": false,
    "month": 9,
    "sameWeekdayAsDoomsday": false,
    "weekday": 5,
    "year": 2024,
  },
  {
    "cellNumber": 258,
    "dayJsDay": "2024-09-14T05:00:00.000Z",
    "dayNumber": 14,
    "isDoomsday": false,
    "month": 9,
    "sameWeekdayAsDoomsday": false,
    "weekday": 6,
    "year": 2024,
  },
  {
    "cellNumber": 259,
    "dayJsDay": "2024-09-15T05:00:00.000Z",
    "dayNumber": 15,
    "isDoomsday": false,
    "month": 9,
    "sameWeekdayAsDoomsday": false,
    "weekday": 0,
    "year": 2024,
  },
  {
    "cellNumber": 260,
    "dayJsDay": "2024-09-16T05:00:00.000Z",
    "dayNumber": 16,
    "isDoomsday": false,
    "month": 9,
    "sameWeekdayAsDoomsday": false,
    "weekday": 1,
    "year": 2024,
  },
  {
    "cellNumber": 261,
    "dayJsDay": "2024-09-17T05:00:00.000Z",
    "dayNumber": 17,
    "isDoomsday": false,
    "month": 9,
    "sameWeekdayAsDoomsday": false,
    "weekday": 2,
    "year": 2024,
  },
  {
    "cellNumber": 262,
    "dayJsDay": "2024-09-18T05:00:00.000Z",
    "dayNumber": 18,
    "isDoomsday": false,
    "month": 9,
    "sameWeekdayAsDoomsday": false,
    "weekday": 3,
    "year": 2024,
  },
  {
    "cellNumber": 263,
    "dayJsDay": "2024-09-19T05:00:00.000Z",
    "dayNumber": 19,
    "isDoomsday": false,
    "month": 9,
    "sameWeekdayAsDoomsday": true,
    "weekday": 4,
    "year": 2024,
  },
  {
    "cellNumber": 264,
    "dayJsDay": "2024-09-20T05:00:00.000Z",
    "dayNumber": 20,
    "isDoomsday": false,
    "month": 9,
    "sameWeekdayAsDoomsday": false,
    "weekday": 5,
    "year": 2024,
  },
  {
    "cellNumber": 265,
    "dayJsDay": "2024-09-21T05:00:00.000Z",
    "dayNumber": 21,
    "isDoomsday": false,
    "month": 9,
    "sameWeekdayAsDoomsday": false,
    "weekday": 6,
    "year": 2024,
  },
  {
    "cellNumber": 266,
    "dayJsDay": "2024-09-22T05:00:00.000Z",
    "dayNumber": 22,
    "isDoomsday": false,
    "month": 9,
    "sameWeekdayAsDoomsday": false,
    "weekday": 0,
    "year": 2024,
  },
  {
    "cellNumber": 267,
    "dayJsDay": "2024-09-23T05:00:00.000Z",
    "dayNumber": 23,
    "isDoomsday": false,
    "month": 9,
    "sameWeekdayAsDoomsday": false,
    "weekday": 1,
    "year": 2024,
  },
  {
    "cellNumber": 268,
    "dayJsDay": "2024-09-24T05:00:00.000Z",
    "dayNumber": 24,
    "isDoomsday": false,
    "month": 9,
    "sameWeekdayAsDoomsday": false,
    "weekday": 2,
    "year": 2024,
  },
  {
    "cellNumber": 269,
    "dayJsDay": "2024-09-25T05:00:00.000Z",
    "dayNumber": 25,
    "isDoomsday": false,
    "month": 9,
    "sameWeekdayAsDoomsday": false,
    "weekday": 3,
    "year": 2024,
  },
  {
    "cellNumber": 270,
    "dayJsDay": "2024-09-26T05:00:00.000Z",
    "dayNumber": 26,
    "isDoomsday": false,
    "month": 9,
    "sameWeekdayAsDoomsday": true,
    "weekday": 4,
    "year": 2024,
  },
  {
    "cellNumber": 271,
    "dayJsDay": "2024-09-27T05:00:00.000Z",
    "dayNumber": 27,
    "isDoomsday": false,
    "month": 9,
    "sameWeekdayAsDoomsday": false,
    "weekday": 5,
    "year": 2024,
  },
  {
    "cellNumber": 272,
    "dayJsDay": "2024-09-28T05:00:00.000Z",
    "dayNumber": 28,
    "isDoomsday": false,
    "month": 9,
    "sameWeekdayAsDoomsday": false,
    "weekday": 6,
    "year": 2024,
  },
  {
    "cellNumber": 273,
    "dayJsDay": "2024-09-29T05:00:00.000Z",
    "dayNumber": 29,
    "isDoomsday": false,
    "month": 9,
    "sameWeekdayAsDoomsday": false,
    "weekday": 0,
    "year": 2024,
  },
  {
    "cellNumber": 274,
    "dayJsDay": "2024-09-30T05:00:00.000Z",
    "dayNumber": 30,
    "isDoomsday": false,
    "month": 9,
    "sameWeekdayAsDoomsday": false,
    "weekday": 1,
    "year": 2024,
  },
  {
    "cellNumber": 275,
    "dayJsDay": "2024-10-01T05:00:00.000Z",
    "dayNumber": 1,
    "isDoomsday": false,
    "month": 10,
    "sameWeekdayAsDoomsday": false,
    "weekday": 2,
    "year": 2024,
  },
  {
    "cellNumber": 276,
    "dayJsDay": "2024-10-02T05:00:00.000Z",
    "dayNumber": 2,
    "isDoomsday": false,
    "month": 10,
    "sameWeekdayAsDoomsday": false,
    "weekday": 3,
    "year": 2024,
  },
  {
    "cellNumber": 277,
    "dayJsDay": "2024-10-03T05:00:00.000Z",
    "dayNumber": 3,
    "isDoomsday": false,
    "month": 10,
    "sameWeekdayAsDoomsday": true,
    "weekday": 4,
    "year": 2024,
  },
  {
    "cellNumber": 278,
    "dayJsDay": "2024-10-04T05:00:00.000Z",
    "dayNumber": 4,
    "isDoomsday": false,
    "month": 10,
    "sameWeekdayAsDoomsday": false,
    "weekday": 5,
    "year": 2024,
  },
  {
    "cellNumber": 279,
    "dayJsDay": "2024-10-05T05:00:00.000Z",
    "dayNumber": 5,
    "isDoomsday": false,
    "month": 10,
    "sameWeekdayAsDoomsday": false,
    "weekday": 6,
    "year": 2024,
  },
  {
    "cellNumber": 280,
    "dayJsDay": "2024-10-06T05:00:00.000Z",
    "dayNumber": 6,
    "isDoomsday": false,
    "month": 10,
    "sameWeekdayAsDoomsday": false,
    "weekday": 0,
    "year": 2024,
  },
  {
    "cellNumber": 281,
    "dayJsDay": "2024-10-07T05:00:00.000Z",
    "dayNumber": 7,
    "isDoomsday": false,
    "month": 10,
    "sameWeekdayAsDoomsday": false,
    "weekday": 1,
    "year": 2024,
  },
  {
    "cellNumber": 282,
    "dayJsDay": "2024-10-08T05:00:00.000Z",
    "dayNumber": 8,
    "isDoomsday": false,
    "month": 10,
    "sameWeekdayAsDoomsday": false,
    "weekday": 2,
    "year": 2024,
  },
  {
    "cellNumber": 283,
    "dayJsDay": "2024-10-09T05:00:00.000Z",
    "dayNumber": 9,
    "isDoomsday": false,
    "month": 10,
    "sameWeekdayAsDoomsday": false,
    "weekday": 3,
    "year": 2024,
  },
  {
    "cellNumber": 284,
    "dayJsDay": "2024-10-10T05:00:00.000Z",
    "dayNumber": 10,
    "isDoomsday": true,
    "month": 10,
    "sameWeekdayAsDoomsday": true,
    "weekday": 4,
    "year": 2024,
  },
  {
    "cellNumber": 285,
    "dayJsDay": "2024-10-11T05:00:00.000Z",
    "dayNumber": 11,
    "isDoomsday": false,
    "month": 10,
    "sameWeekdayAsDoomsday": false,
    "weekday": 5,
    "year": 2024,
  },
  {
    "cellNumber": 286,
    "dayJsDay": "2024-10-12T05:00:00.000Z",
    "dayNumber": 12,
    "isDoomsday": false,
    "month": 10,
    "sameWeekdayAsDoomsday": false,
    "weekday": 6,
    "year": 2024,
  },
  {
    "cellNumber": 287,
    "dayJsDay": "2024-10-13T05:00:00.000Z",
    "dayNumber": 13,
    "isDoomsday": false,
    "month": 10,
    "sameWeekdayAsDoomsday": false,
    "weekday": 0,
    "year": 2024,
  },
  {
    "cellNumber": 288,
    "dayJsDay": "2024-10-14T05:00:00.000Z",
    "dayNumber": 14,
    "isDoomsday": false,
    "month": 10,
    "sameWeekdayAsDoomsday": false,
    "weekday": 1,
    "year": 2024,
  },
  {
    "cellNumber": 289,
    "dayJsDay": "2024-10-15T05:00:00.000Z",
    "dayNumber": 15,
    "isDoomsday": false,
    "month": 10,
    "sameWeekdayAsDoomsday": false,
    "weekday": 2,
    "year": 2024,
  },
  {
    "cellNumber": 290,
    "dayJsDay": "2024-10-16T05:00:00.000Z",
    "dayNumber": 16,
    "isDoomsday": false,
    "month": 10,
    "sameWeekdayAsDoomsday": false,
    "weekday": 3,
    "year": 2024,
  },
  {
    "cellNumber": 291,
    "dayJsDay": "2024-10-17T05:00:00.000Z",
    "dayNumber": 17,
    "isDoomsday": false,
    "month": 10,
    "sameWeekdayAsDoomsday": true,
    "weekday": 4,
    "year": 2024,
  },
  {
    "cellNumber": 292,
    "dayJsDay": "2024-10-18T05:00:00.000Z",
    "dayNumber": 18,
    "isDoomsday": false,
    "month": 10,
    "sameWeekdayAsDoomsday": false,
    "weekday": 5,
    "year": 2024,
  },
  {
    "cellNumber": 293,
    "dayJsDay": "2024-10-19T05:00:00.000Z",
    "dayNumber": 19,
    "isDoomsday": false,
    "month": 10,
    "sameWeekdayAsDoomsday": false,
    "weekday": 6,
    "year": 2024,
  },
  {
    "cellNumber": 294,
    "dayJsDay": "2024-10-20T05:00:00.000Z",
    "dayNumber": 20,
    "isDoomsday": false,
    "month": 10,
    "sameWeekdayAsDoomsday": false,
    "weekday": 0,
    "year": 2024,
  },
  {
    "cellNumber": 295,
    "dayJsDay": "2024-10-21T05:00:00.000Z",
    "dayNumber": 21,
    "isDoomsday": false,
    "month": 10,
    "sameWeekdayAsDoomsday": false,
    "weekday": 1,
    "year": 2024,
  },
  {
    "cellNumber": 296,
    "dayJsDay": "2024-10-22T05:00:00.000Z",
    "dayNumber": 22,
    "isDoomsday": false,
    "month": 10,
    "sameWeekdayAsDoomsday": false,
    "weekday": 2,
    "year": 2024,
  },
  {
    "cellNumber": 297,
    "dayJsDay": "2024-10-23T05:00:00.000Z",
    "dayNumber": 23,
    "isDoomsday": false,
    "month": 10,
    "sameWeekdayAsDoomsday": false,
    "weekday": 3,
    "year": 2024,
  },
  {
    "cellNumber": 298,
    "dayJsDay": "2024-10-24T05:00:00.000Z",
    "dayNumber": 24,
    "isDoomsday": false,
    "month": 10,
    "sameWeekdayAsDoomsday": true,
    "weekday": 4,
    "year": 2024,
  },
  {
    "cellNumber": 299,
    "dayJsDay": "2024-10-25T05:00:00.000Z",
    "dayNumber": 25,
    "isDoomsday": false,
    "month": 10,
    "sameWeekdayAsDoomsday": false,
    "weekday": 5,
    "year": 2024,
  },
  {
    "cellNumber": 300,
    "dayJsDay": "2024-10-26T05:00:00.000Z",
    "dayNumber": 26,
    "isDoomsday": false,
    "month": 10,
    "sameWeekdayAsDoomsday": false,
    "weekday": 6,
    "year": 2024,
  },
  {
    "cellNumber": 301,
    "dayJsDay": "2024-10-27T05:00:00.000Z",
    "dayNumber": 27,
    "isDoomsday": false,
    "month": 10,
    "sameWeekdayAsDoomsday": false,
    "weekday": 0,
    "year": 2024,
  },
  {
    "cellNumber": 302,
    "dayJsDay": "2024-10-28T05:00:00.000Z",
    "dayNumber": 28,
    "isDoomsday": false,
    "month": 10,
    "sameWeekdayAsDoomsday": false,
    "weekday": 1,
    "year": 2024,
  },
  {
    "cellNumber": 303,
    "dayJsDay": "2024-10-29T05:00:00.000Z",
    "dayNumber": 29,
    "isDoomsday": false,
    "month": 10,
    "sameWeekdayAsDoomsday": false,
    "weekday": 2,
    "year": 2024,
  },
  {
    "cellNumber": 304,
    "dayJsDay": "2024-10-30T05:00:00.000Z",
    "dayNumber": 30,
    "isDoomsday": false,
    "month": 10,
    "sameWeekdayAsDoomsday": false,
    "weekday": 3,
    "year": 2024,
  },
  {
    "cellNumber": 305,
    "dayJsDay": "2024-10-31T05:00:00.000Z",
    "dayNumber": 31,
    "isDoomsday": false,
    "month": 10,
    "sameWeekdayAsDoomsday": true,
    "weekday": 4,
    "year": 2024,
  },
  {
    "cellNumber": 306,
    "dayJsDay": "2024-11-01T05:00:00.000Z",
    "dayNumber": 1,
    "isDoomsday": false,
    "month": 11,
    "sameWeekdayAsDoomsday": false,
    "weekday": 5,
    "year": 2024,
  },
  {
    "cellNumber": 307,
    "dayJsDay": "2024-11-02T05:00:00.000Z",
    "dayNumber": 2,
    "isDoomsday": false,
    "month": 11,
    "sameWeekdayAsDoomsday": false,
    "weekday": 6,
    "year": 2024,
  },
  {
    "cellNumber": 308,
    "dayJsDay": "2024-11-03T05:00:00.000Z",
    "dayNumber": 3,
    "isDoomsday": false,
    "month": 11,
    "sameWeekdayAsDoomsday": false,
    "weekday": 0,
    "year": 2024,
  },
  {
    "cellNumber": 309,
    "dayJsDay": "2024-11-04T06:00:00.000Z",
    "dayNumber": 4,
    "isDoomsday": false,
    "month": 11,
    "sameWeekdayAsDoomsday": false,
    "weekday": 1,
    "year": 2024,
  },
  {
    "cellNumber": 310,
    "dayJsDay": "2024-11-05T06:00:00.000Z",
    "dayNumber": 5,
    "isDoomsday": false,
    "month": 11,
    "sameWeekdayAsDoomsday": false,
    "weekday": 2,
    "year": 2024,
  },
  {
    "cellNumber": 311,
    "dayJsDay": "2024-11-06T06:00:00.000Z",
    "dayNumber": 6,
    "isDoomsday": false,
    "month": 11,
    "sameWeekdayAsDoomsday": false,
    "weekday": 3,
    "year": 2024,
  },
  {
    "cellNumber": 312,
    "dayJsDay": "2024-11-07T06:00:00.000Z",
    "dayNumber": 7,
    "isDoomsday": true,
    "month": 11,
    "sameWeekdayAsDoomsday": true,
    "weekday": 4,
    "year": 2024,
  },
  {
    "cellNumber": 313,
    "dayJsDay": "2024-11-08T06:00:00.000Z",
    "dayNumber": 8,
    "isDoomsday": false,
    "month": 11,
    "sameWeekdayAsDoomsday": false,
    "weekday": 5,
    "year": 2024,
  },
  {
    "cellNumber": 314,
    "dayJsDay": "2024-11-09T06:00:00.000Z",
    "dayNumber": 9,
    "isDoomsday": false,
    "month": 11,
    "sameWeekdayAsDoomsday": false,
    "weekday": 6,
    "year": 2024,
  },
  {
    "cellNumber": 315,
    "dayJsDay": "2024-11-10T06:00:00.000Z",
    "dayNumber": 10,
    "isDoomsday": false,
    "month": 11,
    "sameWeekdayAsDoomsday": false,
    "weekday": 0,
    "year": 2024,
  },
  {
    "cellNumber": 316,
    "dayJsDay": "2024-11-11T06:00:00.000Z",
    "dayNumber": 11,
    "isDoomsday": false,
    "month": 11,
    "sameWeekdayAsDoomsday": false,
    "weekday": 1,
    "year": 2024,
  },
  {
    "cellNumber": 317,
    "dayJsDay": "2024-11-12T06:00:00.000Z",
    "dayNumber": 12,
    "isDoomsday": false,
    "month": 11,
    "sameWeekdayAsDoomsday": false,
    "weekday": 2,
    "year": 2024,
  },
  {
    "cellNumber": 318,
    "dayJsDay": "2024-11-13T06:00:00.000Z",
    "dayNumber": 13,
    "isDoomsday": false,
    "month": 11,
    "sameWeekdayAsDoomsday": false,
    "weekday": 3,
    "year": 2024,
  },
  {
    "cellNumber": 319,
    "dayJsDay": "2024-11-14T06:00:00.000Z",
    "dayNumber": 14,
    "isDoomsday": false,
    "month": 11,
    "sameWeekdayAsDoomsday": true,
    "weekday": 4,
    "year": 2024,
  },
  {
    "cellNumber": 320,
    "dayJsDay": "2024-11-15T06:00:00.000Z",
    "dayNumber": 15,
    "isDoomsday": false,
    "month": 11,
    "sameWeekdayAsDoomsday": false,
    "weekday": 5,
    "year": 2024,
  },
  {
    "cellNumber": 321,
    "dayJsDay": "2024-11-16T06:00:00.000Z",
    "dayNumber": 16,
    "isDoomsday": false,
    "month": 11,
    "sameWeekdayAsDoomsday": false,
    "weekday": 6,
    "year": 2024,
  },
  {
    "cellNumber": 322,
    "dayJsDay": "2024-11-17T06:00:00.000Z",
    "dayNumber": 17,
    "isDoomsday": false,
    "month": 11,
    "sameWeekdayAsDoomsday": false,
    "weekday": 0,
    "year": 2024,
  },
  {
    "cellNumber": 323,
    "dayJsDay": "2024-11-18T06:00:00.000Z",
    "dayNumber": 18,
    "isDoomsday": false,
    "month": 11,
    "sameWeekdayAsDoomsday": false,
    "weekday": 1,
    "year": 2024,
  },
  {
    "cellNumber": 324,
    "dayJsDay": "2024-11-19T06:00:00.000Z",
    "dayNumber": 19,
    "isDoomsday": false,
    "month": 11,
    "sameWeekdayAsDoomsday": false,
    "weekday": 2,
    "year": 2024,
  },
  {
    "cellNumber": 325,
    "dayJsDay": "2024-11-20T06:00:00.000Z",
    "dayNumber": 20,
    "isDoomsday": false,
    "month": 11,
    "sameWeekdayAsDoomsday": false,
    "weekday": 3,
    "year": 2024,
  },
  {
    "cellNumber": 326,
    "dayJsDay": "2024-11-21T06:00:00.000Z",
    "dayNumber": 21,
    "isDoomsday": false,
    "month": 11,
    "sameWeekdayAsDoomsday": true,
    "weekday": 4,
    "year": 2024,
  },
  {
    "cellNumber": 327,
    "dayJsDay": "2024-11-22T06:00:00.000Z",
    "dayNumber": 22,
    "isDoomsday": false,
    "month": 11,
    "sameWeekdayAsDoomsday": false,
    "weekday": 5,
    "year": 2024,
  },
  {
    "cellNumber": 328,
    "dayJsDay": "2024-11-23T06:00:00.000Z",
    "dayNumber": 23,
    "isDoomsday": false,
    "month": 11,
    "sameWeekdayAsDoomsday": false,
    "weekday": 6,
    "year": 2024,
  },
  {
    "cellNumber": 329,
    "dayJsDay": "2024-11-24T06:00:00.000Z",
    "dayNumber": 24,
    "isDoomsday": false,
    "month": 11,
    "sameWeekdayAsDoomsday": false,
    "weekday": 0,
    "year": 2024,
  },
  {
    "cellNumber": 330,
    "dayJsDay": "2024-11-25T06:00:00.000Z",
    "dayNumber": 25,
    "isDoomsday": false,
    "month": 11,
    "sameWeekdayAsDoomsday": false,
    "weekday": 1,
    "year": 2024,
  },
  {
    "cellNumber": 331,
    "dayJsDay": "2024-11-26T06:00:00.000Z",
    "dayNumber": 26,
    "isDoomsday": false,
    "month": 11,
    "sameWeekdayAsDoomsday": false,
    "weekday": 2,
    "year": 2024,
  },
  {
    "cellNumber": 332,
    "dayJsDay": "2024-11-27T06:00:00.000Z",
    "dayNumber": 27,
    "isDoomsday": false,
    "month": 11,
    "sameWeekdayAsDoomsday": false,
    "weekday": 3,
    "year": 2024,
  },
  {
    "cellNumber": 333,
    "dayJsDay": "2024-11-28T06:00:00.000Z",
    "dayNumber": 28,
    "isDoomsday": false,
    "month": 11,
    "sameWeekdayAsDoomsday": true,
    "weekday": 4,
    "year": 2024,
  },
  {
    "cellNumber": 334,
    "dayJsDay": "2024-11-29T06:00:00.000Z",
    "dayNumber": 29,
    "isDoomsday": false,
    "month": 11,
    "sameWeekdayAsDoomsday": false,
    "weekday": 5,
    "year": 2024,
  },
  {
    "cellNumber": 335,
    "dayJsDay": "2024-11-30T06:00:00.000Z",
    "dayNumber": 30,
    "isDoomsday": false,
    "month": 11,
    "sameWeekdayAsDoomsday": false,
    "weekday": 6,
    "year": 2024,
  },
  {
    "cellNumber": 336,
    "dayJsDay": "2024-12-01T06:00:00.000Z",
    "dayNumber": 1,
    "isDoomsday": false,
    "month": 12,
    "sameWeekdayAsDoomsday": false,
    "weekday": 0,
    "year": 2024,
  },
  {
    "cellNumber": 337,
    "dayJsDay": "2024-12-02T06:00:00.000Z",
    "dayNumber": 2,
    "isDoomsday": false,
    "month": 12,
    "sameWeekdayAsDoomsday": false,
    "weekday": 1,
    "year": 2024,
  },
  {
    "cellNumber": 338,
    "dayJsDay": "2024-12-03T06:00:00.000Z",
    "dayNumber": 3,
    "isDoomsday": false,
    "month": 12,
    "sameWeekdayAsDoomsday": false,
    "weekday": 2,
    "year": 2024,
  },
  {
    "cellNumber": 339,
    "dayJsDay": "2024-12-04T06:00:00.000Z",
    "dayNumber": 4,
    "isDoomsday": false,
    "month": 12,
    "sameWeekdayAsDoomsday": false,
    "weekday": 3,
    "year": 2024,
  },
  {
    "cellNumber": 340,
    "dayJsDay": "2024-12-05T06:00:00.000Z",
    "dayNumber": 5,
    "isDoomsday": false,
    "month": 12,
    "sameWeekdayAsDoomsday": true,
    "weekday": 4,
    "year": 2024,
  },
  {
    "cellNumber": 341,
    "dayJsDay": "2024-12-06T06:00:00.000Z",
    "dayNumber": 6,
    "isDoomsday": false,
    "month": 12,
    "sameWeekdayAsDoomsday": false,
    "weekday": 5,
    "year": 2024,
  },
  {
    "cellNumber": 342,
    "dayJsDay": "2024-12-07T06:00:00.000Z",
    "dayNumber": 7,
    "isDoomsday": false,
    "month": 12,
    "sameWeekdayAsDoomsday": false,
    "weekday": 6,
    "year": 2024,
  },
  {
    "cellNumber": 343,
    "dayJsDay": "2024-12-08T06:00:00.000Z",
    "dayNumber": 8,
    "isDoomsday": false,
    "month": 12,
    "sameWeekdayAsDoomsday": false,
    "weekday": 0,
    "year": 2024,
  },
  {
    "cellNumber": 344,
    "dayJsDay": "2024-12-09T06:00:00.000Z",
    "dayNumber": 9,
    "isDoomsday": false,
    "month": 12,
    "sameWeekdayAsDoomsday": false,
    "weekday": 1,
    "year": 2024,
  },
  {
    "cellNumber": 345,
    "dayJsDay": "2024-12-10T06:00:00.000Z",
    "dayNumber": 10,
    "isDoomsday": false,
    "month": 12,
    "sameWeekdayAsDoomsday": false,
    "weekday": 2,
    "year": 2024,
  },
  {
    "cellNumber": 346,
    "dayJsDay": "2024-12-11T06:00:00.000Z",
    "dayNumber": 11,
    "isDoomsday": false,
    "month": 12,
    "sameWeekdayAsDoomsday": false,
    "weekday": 3,
    "year": 2024,
  },
  {
    "cellNumber": 347,
    "dayJsDay": "2024-12-12T06:00:00.000Z",
    "dayNumber": 12,
    "isDoomsday": true,
    "month": 12,
    "sameWeekdayAsDoomsday": true,
    "weekday": 4,
    "year": 2024,
  },
  {
    "cellNumber": 348,
    "dayJsDay": "2024-12-13T06:00:00.000Z",
    "dayNumber": 13,
    "isDoomsday": false,
    "month": 12,
    "sameWeekdayAsDoomsday": false,
    "weekday": 5,
    "year": 2024,
  },
  {
    "cellNumber": 349,
    "dayJsDay": "2024-12-14T06:00:00.000Z",
    "dayNumber": 14,
    "isDoomsday": false,
    "month": 12,
    "sameWeekdayAsDoomsday": false,
    "weekday": 6,
    "year": 2024,
  },
  {
    "cellNumber": 350,
    "dayJsDay": "2024-12-15T06:00:00.000Z",
    "dayNumber": 15,
    "isDoomsday": false,
    "month": 12,
    "sameWeekdayAsDoomsday": false,
    "weekday": 0,
    "year": 2024,
  },
  {
    "cellNumber": 351,
    "dayJsDay": "2024-12-16T06:00:00.000Z",
    "dayNumber": 16,
    "isDoomsday": false,
    "month": 12,
    "sameWeekdayAsDoomsday": false,
    "weekday": 1,
    "year": 2024,
  },
  {
    "cellNumber": 352,
    "dayJsDay": "2024-12-17T06:00:00.000Z",
    "dayNumber": 17,
    "isDoomsday": false,
    "month": 12,
    "sameWeekdayAsDoomsday": false,
    "weekday": 2,
    "year": 2024,
  },
  {
    "cellNumber": 353,
    "dayJsDay": "2024-12-18T06:00:00.000Z",
    "dayNumber": 18,
    "isDoomsday": false,
    "month": 12,
    "sameWeekdayAsDoomsday": false,
    "weekday": 3,
    "year": 2024,
  },
  {
    "cellNumber": 354,
    "dayJsDay": "2024-12-19T06:00:00.000Z",
    "dayNumber": 19,
    "isDoomsday": false,
    "month": 12,
    "sameWeekdayAsDoomsday": true,
    "weekday": 4,
    "year": 2024,
  },
  {
    "cellNumber": 355,
    "dayJsDay": "2024-12-20T06:00:00.000Z",
    "dayNumber": 20,
    "isDoomsday": false,
    "month": 12,
    "sameWeekdayAsDoomsday": false,
    "weekday": 5,
    "year": 2024,
  },
  {
    "cellNumber": 356,
    "dayJsDay": "2024-12-21T06:00:00.000Z",
    "dayNumber": 21,
    "isDoomsday": false,
    "month": 12,
    "sameWeekdayAsDoomsday": false,
    "weekday": 6,
    "year": 2024,
  },
  {
    "cellNumber": 357,
    "dayJsDay": "2024-12-22T06:00:00.000Z",
    "dayNumber": 22,
    "isDoomsday": false,
    "month": 12,
    "sameWeekdayAsDoomsday": false,
    "weekday": 0,
    "year": 2024,
  },
  {
    "cellNumber": 358,
    "dayJsDay": "2024-12-23T06:00:00.000Z",
    "dayNumber": 23,
    "isDoomsday": false,
    "month": 12,
    "sameWeekdayAsDoomsday": false,
    "weekday": 1,
    "year": 2024,
  },
  {
    "cellNumber": 359,
    "dayJsDay": "2024-12-24T06:00:00.000Z",
    "dayNumber": 24,
    "isDoomsday": false,
    "month": 12,
    "sameWeekdayAsDoomsday": false,
    "weekday": 2,
    "year": 2024,
  },
]
`;
